[   .0000]nitiizg cgro ssys uset
    0000] itlizi crop suyspu
   000000] Initializing cgroup subyspucct[  0.000 Linu vrsn 4.4.-1-gneri(bldd@lcy01-amd64-023) (gcc versin .4 20106 (bunt5.0-6unt~16..9) #1-Untu SP t May 1 15846 TC20 (Ubnt4..0-17.3-eneri 4.4.128)
  0.0000]Comand in: OO_IMAGEbot/vmlin-44.0-27enric otABELlodig-root rconslety console=ttyS0
[    0.000000] KERNEL supported cpus:
[    0.000000]   Intel GenuineIntel
[    0.000000]   AMD AuthenticAMD
[    0.000000]   Centaur CentaurHauls
[    0.000000] x86/fpu: xstate_offset[2]:  576, xstate_sizes[2]:  256
[    0.000000] x86/fpu: Supporting XSAVE feature 0x01: 'x87 floating point rgier'[  0.0000]86/f: uportig AV feaur0x2: 'E gisters'
[    0.000000] x86/fpu: Supporting XSAVE feature 0x04: 'AVX registers'
[    0.000000] x86/fpu: Enabled xstate features 0x7, context size is 832 bytes, using 'standard' format.
[    0.000000] x86/f: ing la' PU cte swihe
[    0.00000] e82: BIOS-provided physical RAM map:
[    0.000000] BIOS-e820: [mem 0x0000000000000000-0x000000000009fbff] usable
[    0.000000] BIOS-e82: mem 0x00000009c00x00000000ffff] resrved
[    0.000000] BIOS-e820: [mem 0x00000000000f0000-0x00000000000fffff] reserved
[    0.000000] BIOS-e820: [mem 0x0000000000100000-0x00000000dffeffff] usable
[    0.000000] BIOS-e820: [mem 0x00000000dfff0000-0x00000000dfffffff] ACPI data
[    0.000000] BIOS-e820: [mem 0x00000000fec00000-0x00000000fec00fff] reserved
[    0.000000] BIOS-e820: [mem 0x00000000fee00000-0x00000000fee00fff] reserved
[    0.000000] BIOS-e820: [mem 0x00000000fffc0000-0x00000000ffffffff] reserve
   0.000000] BIOS-e820: [mem 0x0000000100000000-0x000000011fffffff] usable
[    0.000000] NX (Execute Disable) protection: active
[    0.000000] SMBIOS 2.5 rent
  0.00000]ypvisor ette: KV
[   0.00000] e820: last_pfn = 0x120000 max_arch_pfn = 0x400000000
[    0.000000] MTRR: Disabled
[    0.0000] x86/PAT: MTRRs disabled, skipping PAT initialization too.
[    0.000000] CPU MTRRs all blank - virtualized system.
[    0.000000] x86/PAT: Configuaton [0-7] W WT  -   WBWTUC- U [   0.000] e20lat_pf= dfff m_ach_pfn= x4000000[   0000] fndMP MPtae at [mem 0x000fff0-0x0009ffff] mapped at [ffff88000009fff0]
[    0.000000] Scanning 1 areas for low memory corruption
[    0.000000] RAMDISK: [mem 0x36ab4000-0x37551fff]
[    0.000000] ACPI: Early table checksum verification disabled
[    0.000000] ACPI: RSDP 0x00000000000E0000 000024 (v02 VBOX  )
[    0.000000] ACPI: XSDT 0x00000000DFFF0030 00003C (v01 VBOX   VBOXXSDT 00000001 ASL  00006)
[   00000] AI:ACP 000000DF00 000F4 (v0VBOX  BOACP 0000 ASL000061
[  0.000] CPI:SD0x000000FF0470 0021FF (v02 VBOX   VBOXBIOS 00000002 INTL 20100528)
[    0.000000] ACPI: FACS 0x00000000DFFF0200 000040
[    0.000000] ACPI: FACS 0x00000000DFFF0200 000040
[    0.000000] ACPI: APIC 0x00000000DFFF0240 00005C (v02 VBOX   VBOXAPIC 00000001 ASL  00000061)
[    0.000000] ACPI: SSDT 0x00000000DFFF02A0 0001CC (v01 VBOX   VBOXCPUT 000002INTL 20100528)
[    0.000000] No NUMA configuration found
[    0.000000] Faking a node at [mem 0x0000000000000000-0x000000011fffffff]
[    0.000000] NODE_DATA(0) allocated [mem 0x11fff7000-0x11fffbfff]
[    0.000000] kvm-clock: Using msrs 4b564d01 and 4b564d00
[    0.000000] kvm-clock: cpu 0, msr 1:1ffef001, primary cpu clock
[    0.000000] kvm-clock: usngsced offse of3558554 cl
[   .0000]clckouce: kvm-clock: as 0fffffffffff x_ccles0xcd2e4dfb,max_ide_ns8890591483 s    .000000 Ze rage:
   0.000000]   DMA      [me0x00000000010-0x0000000ffff]     0.000000]   D32  [mem0x00000001000000-000000000ffffffff]
[    0.000000]   Normal   [mem 0x0000000100000000-0x000000011fffffff]
[    0.000000]   Device   empty
[    0.000000] Movable zone start for each node
[    0.000000] Early memory node ranges
[    0.000000]   node   0: [mem 0x0000000000001000-0x000000000009efff]
[    0.000000]   node   0: [mem 0x0000000000100000-0x00000000dffeffff]
[    0.000000]   node   0: [mem 0x0000000100000000-0x000000011fffffff]
[    0.000000] Initmem setup node 0 [mem 0x0000000000001000-0x000000011fffffff]
[    00000] API P-Timer IOPort: 0x4008
[   .0000] IOAPIC[0]: apic_id 2 vsin 32adess 0xec00, GSI 03[   0.0000] ACPI:NTRC_OVR(bs  busrq0 glba_i 2 dl fl
[    0000] API I_SRCOV (us0 bus_irq 9 global_irq 9 low level)
[    0.000000] Using ACPI (MADT) for SMP configuration information
[    0.000000] smpboot: Allowing 2 CPUs, 0 hotplug CPUs
[    0.000000] PM: Registered nosave memory: [mem 0x00000000-0x00000fff]
[    0.000000] PM: Registered nosave memory: [mem 0x0009f000-0x0009ffff]
[    0.000000] PM: Registered nosave memory: [mem 0x000a0000-0x000effff]
[    0.000000] PM: Registered nosave memory: [mem 0x000f0000-0x000fffff]
[    0.000000] PM: Registered nosave memory: [mem 0xdff00-0xdffff]
[    000000] PM: Registerd osave memory: [mem 0xe0000000-0xfebfffff]
[    0.000000] PM: Registerenoav memry [m 0xfec00000-0xfec00fff]
[    0.000000] PM: Registered nosave memory: [mem 0xfec01000-0xfedfffff]
  0.00000] PM: Registered nosave memory: [m 0fe0000-0ee0fff
[   .0000]M: Risred sa memry: [mem 0xfee01000-0xfffbffff]
[    0.000000] PM: Registered nosave memory: [mem 0xfffc0000-0xffffffff]
[    0.0000]e820 [m xe00000xfeffff aaiabe orPCI evce
    0.0000]ooting paravirtualized kernel on KVM
[    0.000000] clockour: efin-jffes: as: xfffffff max_cycles: 0xffffffff, max_idle_ns: 7645519600211568 ns
[    0.000000] setup_percp: NR_CUS12 nr_cpumask_bits:512 nr_cpu_ids:2nrod_ids
   0.0000] ERPU:Emddd 34pas/pu @ffff8801fc0000s944r819 d158 10486[    0.0000PV qpioc has table entries: 256 (order: 0, 4096 bytes)
[    0.000000] Built 1 zonelists in Node order, mobility grouping on.  Total pages: 1032056
[    0.000000] Policy zone: Normal
[    0.000000] Kernel command line: BOOT_IMAGE=/boot/vmlinuz-4.4.0-127-generic root=LABEL=cloudimg-rootfs ro console=tty1 console=ttyS0
[    0.000000] PID hash table entries: 4096 (order: 3, 768 bytes)
[    0.000000] Memory: 4032160K/4193848K available (8537K kernel code, 1313K rwdata, 4000K rodata, 1512K init, 1316K bss, 161688K reserved, 0K cma-reserved)
[    0.000000] SLUB: HWalign=64, Order=0-3, MinObjects=0, CPUs=2, Nodes=1
[    0.000000] Kernel/User page tables isolation: enabled
[    0.000000] Hierarchical RCU implementation.
[    0.000000] 	Build-time adjustment of leaf fanout to 64.
[    0.000000] 	RCU restricting CPUs from NR_CPUS=512 to nr_cpu_ids=2.
[    0.000000] RCU: Adjusting geometry for rcu_fanout_leaf=64, nr_cpu_ids=2
[    0.000000] NR_IRQS:33024 nr_irqs:440 16
[    0.000000] Console: colour VGA+ 80x25
[    0.000000] console [tty1] enabled
[    0.000000] console [ttyS0] enabled
[    0.000000] tsc: Detected 2993.076 MHz processor
[    8.812339] Calibrating delay loop (skipped) preset value.. 5986.15 BogoMIPS (lpj=11972304)
[    8.81340] pid_max: default: 32768 minimum: 301
[    8.840679] ACPI: Core revision 20150930
[    8.842299] ACPI: 2 ACPI AML tables successfully acquired and loaded
[    8.860545] Security Framework initialized
[    8.861260] Yama: becoming mindful.
[    8.864074] AppArmor: AppArmor initialized
[    8.977530] Dentry cache hash table entries: 524288 (order: 10, 4194304 bytes)
[    9.025871] Inode-cache hash table entries: 262144 (order: 9, 2097152 bytes)
[    9.046750] Mount-cache hash table entries: 8192 (order: 4, 65536 bytes)
[    9.047779] Mountpoint-cache hash table entries: 8192 (order: 4, 65536 bytes)
[    9.049932] Initializing cgroup subsys io
[    9.050668] Initializing cgroup subsys memory
[    9.051540] Initializing cgroup subsys devices
[    9.086371] Initializing cgroup subsys freezer
[    9.094194] Initializing cgroup subsys net_cls
[    9.100653] Initializing cgroup subsys perf_event
[    9.101499] Initializing cgroup subsys net_prio
[    9.108134] Initializing cgroup subsys hugetlb
[    9.116171] Initializing cgroup subsys pids
[    9.116946] CPU: Physical Processor ID: 0
[    9.117645] CPU: Processor Core ID: 0
[    9.125227] mce: CPU supports 0 MCE banks
[    9.132212] Last level iTLB entries: 4KB 1024, 2MB 1024, 4MB 1024
[    9.134528] Last level dTLB entries: 4KB 1024, 2MB 1024, 4MB 1024, 1GB 4
[    9.141105] Spectre V2 : Mitigation: Full generic retpoline
[    9.142061] Spectre V2 : Speculation control IBPB not-supported IBRS not-supported
[    9.143184] Speculative Store Bypass: Vulnerable
[    9.146163] Freeing SMP alternatives memory: 32K
[    9.176202] ftrace: allocating 32237 entries in 126 pages
[    9.267966] smpboot: APIC(0) Converting physical 0 to logical package 0
[    9.290970] smpboot: Max logical packages: 1
[    9.292008] x2apic enabled
[    9.297632] Switched APIC routing to physical x2apic.
[    9.299497] ..TIMER: vector=0x30 apic1=0 pin1=2 apic2=-1 pin2=-1
[    9.408083] smpboot: CPU0: Intel(R) Core(TM) i5-4430 CPU @ 3.00GHz (family: 0x6, model: 0x3c, stepping: 0x3)
[    9.413301] Performance Events: unsupported p6 CPU model 60 no PMU driver, software events only.
[    9.436905] KVM setup paravirtual spinlock
[    9.438291] x86: Booting SMP configuration:
[    9.439000] .... node  #0, CPUs:      #1
[    9.439872] kvm-clock: cpu 1, msr 1:1ffef041, secondary cpu clock
[    9.441401] mce: CPU supports 0 MCE banks
[    9.443841] x86: Booted up 1 node, 2 CPUs
[    9.444767] smpboot: Total of 2 processors activated (11972.30 BogoMIPS)
[    9.446186] devtmpfs: initialized
[    9.448356] evm: security.selinux
[    9.448981] evm: security.SMACK64
[    9.449620] evm: security.SMACK64EXEC
[    9.450284] evm: security.SMACK64TRANSMUTE
[    9.450990] evm: security.SMACK64MMAP
[    9.461991] evm: security.ima
[    9.462613] evm: security.capability
[    9.463492] clocksource: jiffies: mask: 0xffffffff max_cycles: 0xffffffff, max_idle_ns: 7645041785100000 ns
[    9.472806] futex hash table entries: 512 (order: 3, 32768 bytes)
[    9.473936] pinctrl core: initialized pinctrl subsystem
[    9.480577] RTC time: 14:45:43, date: 06/10/18
[    9.481476] NET: Registered protocol family 16
[    9.496071] cpuidle: using governor ladder
[    9.540113] cpuidle: using governor menu
[    9.636507] PCCT header not found.
[    9.669185] ACPI: bus type PCI registered
[    9.670260] acpiphp: ACPI Hot Plug PCI Controller Driver version: 0.5
[    9.671580] PCI: Using configuration type 1 for base access
[    9.693378] ACPI: Added _OSI(Module Device)
[    9.757605] ACPI: Added _OSI(Processor Device)
[    9.758362] ACPI: Added _OSI(3.0 _SCP Extensions)
[    9.759155] ACPI: Added _OSI(Processor Aggregator Device)
[    9.775251] ACPI: Executed 1 blocks of module-level executable AML code
[    9.778289] ACPI: Interpreter enabled
[    9.778940] ACPI: (supports S0 S5)
[    9.779560] ACPI: Using IOAPIC for interrupt routing
[    9.780505] PCI: Using host bridge windows from ACPI; if necessary, use "pci=nocrs" and report a bug
[    9.812634] ACPI: PCI Root Bridge [PCI0] (domain 0000 [bus 00-ff])
[    9.813585] acpi PNP0A03:00: _OSC: OS supports [ASPM ClockPM Segments MSI]
[    9.814719] acpi PNP0A03:00: _OSC: not requesting OS control; OS requires [ExtendedConfig ASPM ClockPM MSI]
[    9.816302] acpi PNP0A03:00: fail to add MMCONFIG information, can't access extended PCI configuration space under this bridge.
[    9.827408] PCI host bridge to bus 0000:00
[    9.830764] pci_bus 0000:00: root bus resource [io  0x0000-0x0cf7 window]
[    9.831818] pci_bus 0000:00: root bus resource [io  0x0d00-0xffff window]
[    9.832881] pci_bus 0000:00: root bus resource [mem 0x000a0000-0x000bffff window]
[    9.834252] pci_bus 0000:00: root bus resource [mem 0xe0000000-0xfdffffff window]
[    9.841846] pci_bus 0000:00: root bus resource [bus 00-ff]
[    9.844350] pci 0000:00:01.1: legacy IDE quirk: reg 0x10: [io  0x01f0-0x01f7]
[    9.851440] pci 0000:00:01.1: legacy IDE quirk: reg 0x14: [io  0x03f6]
[   10.008567] pci 0000:00:01.1: legacy IDE quirk: reg 0x18: [io  0x0170-0x0177]
[   10.128277] pci 0000:00:01.1: legacy IDE quirk: reg 0x1c: [io  0x0376]
[   10.190326] pci 0000:00:07.0: quirk: [io  0x4000-0x403f] claimed by PIIX4 ACPI
[   10.336934] pci 0000:00:07.0: quirk: [io  0x4100-0x410f] claimed by PIIX4 SMB
[   10.410409] ACPI: PCI Interrupt Link [LNKA] (IRQs 5 9 10 *11)
[   10.529295] ACPI: PCI Interrupt Link [LNKB] (IRQs 5 9 *10 11)
[   10.659252] ACPI: PCI Interrupt Link [LNKC] (IRQs 5 *9 10 11)
[   10.735293] ACPI: PCI Interrupt Link [LNKD] (IRQs 5 9 10 *11)
[   10.821201] ACPI: Enabled 2 GPEs in block 00 to 07
[   10.851327] vgaarb: setting as boot device: PCI:0000:00:02.0
[   10.859533] vgaarb: device added: PCI:0000:00:02.0,decodes=io+mem,owns=io+mem,locks=none
[   10.893374] vgaarb: loaded
[   10.935100] vgaarb: bridge control possible 0000:00:02.0
[   11.011403] SCSI subsystem initialized
[   11.066805] ACPI: bus type USB registered
[   11.071451] usbcore: registered new interface driver usbfs
[   11.072358] usbcore: registered new interface driver hub
[   11.142660] usbcore: registered new device driver usb
[   11.181500] PCI: Using ACPI for IRQ routing
[   11.231462] NetLabel: Initializing
[   11.232078] NetLabel:  domain hash size = 128
[   11.232819] NetLabel:  protocols = UNLABELED CIPSOv4
[   11.233635] NetLabel:  unlabeled traffic allowed by default
[   11.240508] amd_nb: Cannot enumerate AMD northbridges
[   11.241376] clocksource: Switched to clocksource kvm-clock
[   12503AppAmo AArr leste Eabed[ 11866]pn PP CPin
  2.5678pn PP AC: un3 vis
[   12.679345] clocksource: acpi_pm: mask: 0xffffff max_cycles: 0xffffff, max_idle_ns: 2085701024 ns
[   12.715043] NET: Registered protocol family 2
[   12.715904] TCP established hash table entries: 32768 (order: 6, 262144 bytes)
[   12.717353] TCP bind hash table entries: 32768 (order: 7, 524288 bytes)
[   12.784657] TCP: Hash tables configured (established 32768 bind 32768)
[   12.804394] UDP hash table entries: 2048 (order: 4, 65536 bytes)
[   12.876377] UDP-Lite hash table entries: 2048 (order: 4, 65536 bytes)
[   12.903383] NET: Registered protocol family 1
[   12.904179] pci 0000:00:00.0: Limiting direct PCI/PCI transfers
[   12.921281] pci 0000:00:01.0: Activating ISA DMA hang workarounds
[   12.922402] Unpacking initramfs...
[   14.691263] Freeing initrd memory: 10872K
[   14.731105] PCI-DMA: Using software bounce buffering for IO (SWIOTLB)
[   14.800691] software IO TLB [mem 0xdbff0000-0xdfff0000] (64MB) mapped at [ffff8800dbff0000-ffff8800dffeffff]
[   14.892498] RAPL PMU detected, API unit is 2^-32 Joules, 4 fixed counters 10737418240 ms ovfl timer
[   14.965991] hw unit of domain pp0-core 2^-0 Joules
[   15.012113] hw unit of domain package 2^-0 Joules
[   15.048621] hw unit of domain dram 2^-0 Joules
[   15.073608] hw unit of domain pp1-gpu 2^-0 Joules
[   15.112187] platform rtc_cmos: registered platform RTC device (no PNP device found)
[   15.121584] Scanning for low memory corruption every 60 seconds
[   15.122880] audit: initializing netlink subsys (disabled)
[   15.123791] audit: type=2000 audit(1528641943.529:1): initialized
[   15.128013] Initialise system trusted keyring
[   15.128895] HugeTLB registered 2 MB page size, pre-allocated 0 pages
[   5.75900] zbud: loaded
[   5.67] S: Disk quotas dquot_6.6.0
[   15.417861] VFS: Dquot-cache hash table entries: 512 (order 0, 4096 bytes)
[   15.419144] squashfs: version 4.0 (2009/01/31) Phillip Lougher
[   15.420392] fuse init (API version 7.23)
[   5.12] y peigeyegted[  15.65] locating IMA OKndlaklsteyng.
[  16.109956] tsc: Refined TSC clocksource calibration: 2991.062 MHz

[   16.109958] clocksource: tsc: mask: 0xfffffffffffffff max_cycles:0x1d4a104,axdlns 4073453 n

[   16.922584] Key type asymmetric registered
[   16.975365] Asymmetric key parser 'x509' registered
[   17.059930] Block layer SCSI generic (bsg) driver version 0.4 loaded (major 249)
[   17.126157] io scheduler noop registered
[   17.189354] io scheduler deadline registered (default)
[   17.235587] io scheduler cfq registered
[   17.236341] pci_hotplug: PCI Hot Plug PCI Core version: 0.5
[   17.237205] pciehp: PCI Express Hot Plug Controller Driver version: 0.4
[   17.238342] ACPI: AC Adapter [AC] (on-line)
[   17.239090] input: Power Button as /devices/LNXSYSTM:00/LNXPWRBN:00/input/input0
[   17.240369] ACPI: Power Button [PWRF]
[   17.241100] input: Sleep Button as /devices/LNXSYSTM:00/LNXSLPBN:00/input/input1
[   17.248064] ACPI: Sleep Button [SLPF]
[   17.259838] GHES: HEST is not enabled!
[ 1732555]Seia: 250/160 iv,  ptsIRshinenle

[  18.046] :0 tS0t /O 0x3f8(i =, base_baud = 11520) s 1650

[   18.679884] Linux agpgart interface v0.103
[   18.682576] loop: module loaded
[   18.689888] scsi host0: ata_piix
[   18.690725] scsi host1: ata_piix
[   18.691377] ata1: PATA max UDMA/33 cmd 0x1f0 ctl 0x3f6 bmdma 0xd000 irq 14
[   18.692448] ata2: PATA max UDMA/33 cmd 0x170 ctl 0x376 bmdma 0xd008 irq 15
[   18.701309] libphy: Fixed MDIO Bus: probed
[   18.702108] tun: Universal TUN/TAP device driver, 1.6
[   18.702937] tun: (C) 1999-2004 Max Krasnyansky <maxk@qualcomm.com>
[   18.703925] PPP generic driver version 2.4.2
[   18.706252] ehci_hcd: USB 2.0 'Enhanced' Host Controller (EHCI) Driver
[   18.714253] ehci-pci: EHCI PCI platform driver
[   18.743110] ehci-platform: EHCI generic platform driver
[   18.787107] ohci_hcd: USB 1.1 'Open' Host Controller (OHCI) Driver
[   18.849253] ohci-pci: OHCI PCI platform driver
[   18.867827] ohci-platform: OHCI generic platform driver
[   18.894278] uhci_hcd: USB Universal Host Controller Interface driver
[   18.896484] i8042: PNP: PS/2 Controller [PNP0303:PS2K,PNP0f03:PS2M] at 0x60,0x64 irq 1,12
[   18.907417] serio: i8042 KBD port at 0x60,0x64 irq 1
[   18.937763] serio: i8042 AUX port at 0x60,0x64 irq 12
[   18.938800] mousedev: PS/2 mouse device common for all mice
[   18.998875] input: AT Translated Set 2 keyboard as /devices/platform/i8042/serio0/input/input2
[   19.032600] rtc_cmos rtc_cmos: rtc core: registered rtc_cmos as rtc0
[   19.033672] rtc_cmos rtc_cmos: alarms up to one day, 114 bytes nvram
[   19.034749] i2c /dev entries driver
[   19.036880] device-mapper: uevent: version 1.0.3
[   19.037760] device-mapper: ioctl: 4.34.0-ioctl (2015-10-28) initialised: dm-devel@redhat.com
[   19.039270] ledtrig-cpu: registered to indicate activity on CPUs
[   19.040765] NET: Registered protocol family 10
[   19.087078] NET: Registered protocol family 17
[   19.153651] Key type dns_resolver registered
[   19.191399] registered taskstats version 1
[   19.242424] Loading compiled-in X.509 certificates
[   19.289316] Loaded X.509 cert 'Build time autogenerated kernel key: 9f6f572a3ee0cb468eb8db4aa61815bc74ef6adb'
[   19.389538] zswap: loaded using pool lzo/zbud
[   19.426976] Key type trusted registered
[   19.482849] Key type encrypted registered
[   19.555328] AppArmor: AppArmor sha1 policy hashing enabled
[   19.583341] ima: No TPM chip found, activating TPM-bypass!
[   19.585698] evm: HMAC attrs: 0x1
[   19.586701]   Magic number: 6:471:788
[   19.593738] rtc_cmos rtc_cmos: setting system clock to 2018-06-10 14:45:53 UTC (1528641953)
[   19.595425] BIOS EDD facility v0.16 2004-Jun-25, 0 devices found
[   19.654746] EDD information not available.
[   19.704342] Freeing unused kernel memory: 1512K
[   19.766952] Write protecting the kernel read-only data: 14336k
[   19.838165] Freeing unused kernel memory: 1692K
[   19.918474] Freeing unused kernel memory: 96K
Loading, please wait...
starting version 229
[   19.943279] random: systemd-udevd: uninitialized urandom read (16 bytes read, 3 bits of entropy available)
[   19.943890] random: udevadm: uninitialized urandom read (16 bytes read, 3 bits of entropy available)
[   19.943910] random: udevadm: uninitialized urandom read (16 bytes read, 3 bits of entropy available)
[   19.954213] random: udevadm: uninitialized urandom read (16 bytes read, 3 bits of entropy available)
[   19.954259] random: udevadm: uninitialized urandom read (16 bytes read, 3 bits of entropy available)
[   19.954444] random: udevadm: uninitialized urandom read (16 bytes read, 3 bits of entropy available)
[   19.954510] random: udevadm: uninitialized urandom read (16 bytes read, 3 bits of entropy available)
[   19.954570] random: udevadm: uninitialized urandom read (16 bytes read, 3 bits of entropy available)
[   19.954632] random: udevadm: uninitialized urandom read (16 bytes read, 3 bits of entropy available)
[   19.954692] random: udevadm: uninitialized urandom read (16 bytes read, 3 bits of entropy available)
[   20.034267] e1000: Intel(R) PRO/1000 Network Driver - version 7.3.21-k8-NAPI
[   20.063738] e1000: Copyright (c) 1999-2006 Intel Corporation.
[   20.067719] Fusion MPT base driver 3.04.20
[   20.069527] Copyright (c) 1999-2008 LSI Corporation
[   20.074905] Fusion MPT SPI Host driver 3.04.20
[   20.087461] AVX2 version of gcm_enc/dec engaged.
[   20.089598] AES CTR mode by8 optimization enabled
[   20.272572] input: ImExPS/2 Generic Explorer Mouse as /devices/platform/i8042/serio1/input/input4
[   20.425642] e1000 0000:00:03.0 eth0: (PCI:33MHz:32-bit) 02:e4:ac:f5:39:a9
[   20.438442] e1000 0000:00:03.0 eth0: Intel(R) PRO/1000 Network Connection
[   21.149111] e1000 0000:00:08.0 eth1: (PCI:33MHz:32-bit) 08:00:27:1e:98:f2
[   21.214332] e1000 0000:00:08.0 eth1: Intel(R) PRO/1000 Network Connection
[   21.221802] e1000 0000:00:03.0 enp0s3: renamed from eth0
[   21.223329] mptbase: ioc0: Initiating bringup
[   21.237783] e1000 0000:00:08.0 enp0s8: renamed from eth1
[   21.302127] ioc0: LSI53C1030 A0: Capabilities={Initiator}
[   21.521115] scsi host2: ioc0: LSI53C1030 A0, FwRev=00000000h, Ports=1, MaxQ=256, IRQ=20
[   21.702430] scsi 2:0:0:0: Direct-Access     VBOX     HARDDISK         1.0  PQ: 0 ANSI: 5
[   21.728879] scsi target2:0:0: Beginning Domain Validation
[   21.743394] scsi target2:0:0: Domain Validation skipping write tests
[   21.760055] scsi target2:0:0: Ending Domain Validation
[   21.761169] scsi target2:0:0: asynchronous
[   21.770048] scsi 2:0:1:0: Direct-Access     VBOX     HARDDISK         1.0  PQ: 0 ANSI: 5
[   21.772814] scsi target2:0:1: Beginning Domain Validation
[   21.776376] scsi target2:0:1: Domain Validation skipping write tests
[   21.777386] scsi target2:0:1: Ending Domain Validation
[   21.778340] scsi target2:0:1: asynchronous
[   21.783648] sd 2:0:0:0: [sda] 20971520 512-byte logical blocks: (10.7 GB/10.0 GiB)
[   21.785139] sd 2:0:0:0: Attached scsi generic sg0 type 0
[   21.786127] sd 2:0:0:0: [sda] Write Protect is off
[   21.787159] sd 2:0:0:0: [sda] Incomplete mode parameter data
[   21.788084] sd 2:0:0:0: [sda] Assuming drive cache: write through
[   21.803401] sd 2:0:1:0: Attached scsi generic sg1 type 0
[   21.803456] sd 2:0:1:0: [sdb] 20480 512-byte logical blocks: (10.5 MB/10.0 MiB)
[   21.803731] sd 2:0:1:0: [sdb] Write Protect is off
[   21.803946] sd 2:0:1:0: [sdb] Incomplete mode parameter data
[   21.803948] sd 2:0:1:0: [sdb] Assuming drive cache: write through
[   21.861045]  sda: sda1
[   21.862116] sd 2:0:1:0: [sdb] Attached SCSI disk
[   21.862239] sd 2:0:0:0: [sda] Attached SCSI disk
Begin: Loading e[   23.272936] md: linear personality registered for level -1
ssential drivers ... [   23.314981] md: multipath personality registered for level -4
[   23.324710] md: raid0 personality registered for level 0
[   23.401766] md: raid1 personality registered for level 1
[   23.501789] raid6: sse2x1   gen()  9208 MB/s
[   23.573817] raid6: sse2x1   xor()  7016 MB/s
[   23.685859] raid6: sse2x2   gen() 11322 MB/s
[   23.813820] raid6: sse2x2   xor()  7615 MB/s
[   23.917391] raid6: sse2x4   gen() 12508 MB/s
[   24.025388] raid6: sse2x4   xor()  9146 MB/s
[   24.133381] raid6: avx2x1   gen() 17603 MB/s
[   24.221425] raid6: avx2x2   gen() 20148 MB/s
[   24.313967] raid6: avx2x4   gen() 23676 MB/s
[   24.386746] raid6: using algorithm avx2x4 gen() 23676 MB/s
[   24.440770] raid6: using avx2x2 recovery algorithm
[   24.504194] xor: automatically using best checksumming function:
[   24.697464]    avx       : 17611.000 MB/sec
[   24.805145] async_tx: api initialized (async)
[   24.847812] md: raid6 personality registered for level 6
[   24.897634] md: raid5 personality registered for level 5
[   24.907246] md: raid4 personality registered for level 4
[   24.913406] md: raid10 personality registered for level 10
done.
Begin: Running /scripts/init-premount ... done[   24.969051] Btrfs loaded
.
Begin: Mounting root file system ... Begin: Running /scripts/local-top ... done.
Begin: Running /scripts/local-premount ... Scanning for Btrfs filesystems
done.
Warning: fsck not present, so skipping root file system
[   25.075054] EXT4-fs (sda1): mounted filesystem with ordered data mode. Opts: (null)
done.
Begin: Running /scripts/local-bottom ... done.
Begin: Running /scripts/init-bottom ... done.
[   25.855336] systemd[1]: systemd 229 running in system mode. (+PAM +AUDIT +SELINUX +IMA +APPARMOR +SMACK +SYSVINIT +UTMP +LIBCRYPTSETUP +GCRYPT +GNUTLS +ACL +XZ -LZ4 +SECCOMP +BLKID +ELFUTILS +KMOD -IDN)
[   25.987710] systemd[1]: Detected virtualization oracle.
[   26.017575] systemd[1]: Detected architecture x86-64.
[ 26.0488]anm:onocng pool is initiaze


Welcome to [1mUbuntu 16.04.4 LTS[0m!

[   26.605092] systemd[1]: Set hostname to <ubuntu-xenial>.
[ 27921]systed[1]: Listening on VM2 poll daemon socket.
[[0;32m  OK  [0m] Listening on LVM2 poll daemon socket.
[  21862syemd[1] S uautounAritra EcublFi Fma Fe st Atoout in
[[0;32m  OK  [0m] Set up automount Arbitrary Executab...ats File System Automount Point.
[  2.45614] syem1] CreteslceUs a Ssin lie.
[[0;32m  OK  [0m] Created slice User and Session Slice.
[ 30267]ysemd[1: isteinonourna Ske (dev/og
[[0;32m  OK  [0m] Listening on Journal Socket (/dev/log).
[  30.8315 sstd[: each tge Uerand Group Name Lookups.
[[0;32m  OK  [0m] Reached target User and Group Name Lookups.
[   1.844] sysmd[1: eahe trg EcrteVome
[[0;32m  OK  [0m] Reached target Encrypted Volumes.
[   32746]syem[1]: Listeningn M2metadata daemon socket.
[[0;32m  OK  [0m] Listening on LVM2 metadata daemon socket.
[   32.540742] systemd[1]: Started Forward Password Requests to Wall Directory Watch.
[[0;32m  OK  [0m] Started Forward Password Requests to Wall Directory Watch.
[   32.543420syem[1]:isni oDeic-mpeevt emn IF.
[[0;32m  OK  [0m] Listening on Device-mapper event daemon FIFOs.
[   33.1145] systemd[1]: Listening on udev Kernel Socket.
[[0;32m  OK  [0m] Listening on udev Kernel Socket.
[   33.492121] systemd[1]: Listening on Journal Audit Socket.
[[0;32m  OK  [0m] Listening on Journal Audit Socket.
[  3.59812]ysmd]:eaedaretSyte TmeSyhrnied

[[0;32m  OK  [0m] Reached target System Time Synchronized.
[  333448 stemd[1]:isnig on/dv/itctl Comptiliy Namd ip
[[0;32m  OK  [0m] Listening on /dev/initctl Compatibility Named Pipe.
[   3.0663] ysmd[1 Racd rget Swap.
[[0;32m  OK  [0m] Reached target Swap.
[   35.412891] systemd[1]: Created slice System Slice.
[[0;32m  OK  [0m] Created slice System Slice.
[   35.414966] systemd[1]: Reached target Slices.
[[0;32m  OK  [0m] Reached target Slices.
[   35.547750] systemd[1]: Listening on Syslog Socket.
[[0;32m  OK  [0m] Listening on Syslog Socket.
[   35.549772] systemd[1]: Listening on Journal Socket.
[[0;32m  OK  [0m] Listening on Journal Socket.
[   35.561551] systemd[1]: Starting Uncomplicated firewall...
         Starting Uncomplicated firewall...
[   35.709946] systemd[1]: Starting Remount Root and Kernel File Systems...
         Starting Remount Root and Kernel File Systems...
[   35.929777] systemd[1]: Mounting Debug File System...
         Mounting Debug F[   36.001692] EXT4-fs (sda1): re-mounted. Opts: (null)
ile System...
[   36.125765] systemd[1]: Starting Load Kernel Modules...
         Starting Load Kernel Modules...
[   36.170214] systemd[1]: Starting Journal Service...
         Starting Journal Service...
[   36.320231] Loading iSCSI transport class v2.0-870.
[   36.401606] systemd[1]: Starting Set console keymap...
         Starting Set console keymap...
[   36.477532] systemd[1]: Starting Monitoring of LVM2 mirrors, snapshots etc. using dmeventd or progress polling...
         Starting Monitoring of LVM2 mirrors... dmeventd or progress polling...
[   36.482036] systemd[1]: Starting Nameserver information manager...
         Starting Nameserver information manager...
[   36.505629] systemd[1]: Mounting POSIX Message Queue File System...
         Mounting POSIX M[   36.531833] iscsi: registered transport (tcp)
essage Queue File System...
[   36.801580] systemd[1]: Mounting Huge Pages File System...
         Mounting Huge Pages File System...
[   37.106080] systemd[1]: Starting Create list of required static device nodes for the current kernel...
         Starting Create list of required st... nodes for the current kernel...
[   37.314539] systemd[1]: Created slice system-serial\x2dgetty.slice.
[[0;32m  OK  [0m] Created slice system-serial\x2dgetty.slice.
[   37.476267] iscsi: registered transport (iser)
[   37.582250] systemd[1]: Listening on udev Control Socket.
[[0;32m  OK  [0m] Listening on udev Control Socket.
[   37.633488] systemd[1]: Started Trigger resolvconf update for networkd DNS.
[[0;32m  OK  [0m] Started Trigger resolvconf update for networkd DNS.
[   37.642639] systemd[1]: Mounted Huge Pages File System.
[[0;32m  OK  [0m] Mounted Huge Pages File System.
[   37.647548] systemd[1]: Mounted POSIX Message Queue File System.
[[0;32m  OK  [0m] Mounted POSIX Message Queue File System.
[   37.657766] systemd[1]: Mounted Debug File System.
[[0;32m  OK  [0m] Mounted Debug File System.
[  37168] ysmd]:taedJoural Servi.
[[0;32m  OK  [0m] Started Journal Service.
[[0;32m  OK  [0m] Started Uncomplicated firewall.
[[0;32m  OK  [0m] Started Remount Root and Kernel File Systems.
[[0;32m  OK  [0m] Started Load Kernel Modules.
[[0;32m  OK  [0m] Started Set console keymap.
[[0;32m  OK  [0m] Started Create list of required sta...ce nodes for the current kernel.
[[0;32m  OK  [0m] Started Nameserver information manager.
[[0;32m  OK  [0m] Started LVM2 metadata daemon.
         Starting Create Static Device Nodes in /dev...
         Mounting FUSE Control File System...
         Starting Apply Kernel Variables...
         Starting udev Coldplug all Devices...
         Starting Load/Save Random Seed...
         Starting Flush Journal to Persistent Storage...
[[0;32m  OK  [0m] Mounted FUSE Control File System.
[   38.884954] systemd-journald[386]: Received request to flush runtime journal from PID 1
[[0;32m  OK  [0m] Started Apply Kernel Variables.
[[0;32m  OK  [0m] Started Monitoring of LVM2 mirrors,...ng dmeventd or progress polling.
[[0;32m  OK  [0m] Started Create Static Device Nodes in /dev.
[[0;32m  OK  [0m] Started Load/Save Random Seed.
[[0;32m  OK  [0m] Started Flush Journal to Persistent Storage.
[[0;32m  OK  [0m] Started udev Coldplug all Devices.
         Starting udev Kernel Device Manager...
[[0;32m  OK  [0m] Started udev Kernel Device Manager.
[[0;32m  OK  [0m] Reached target Local File Systems (Pre).
[[0;32m  OK  [0m] Reached target Local File Systems.
         Starting Set console font and keymap...
         Starting Initial cloud-init job (pre-networking)...
         Starting LSB: AppArmor initialization...
         Starting Tell Plymouth To Write Out Runtime Data...
         Starting Create Volatile Files and Directories...
[[0;32m  OK  [0m] Started Dispatch Password Requests to Console Directory Watch.
[[0;32m  OK  [0m] Found device /dev/ttyS0.
[[0;32m  OK  [0m] Started Tell Plymouth To Write Out Runtime Data.
[[0;32m  OK  [0m] Started Create Volatile Files and Directories.
         Starting Update UTMP about System Boot/Shutdown...
[[0;32m  OK  [0m] Started Set console font and keymap.
[[0;32m  OK  [0m] Created slice system-getty.slice.
[[0;32m  OK  [0m] Found device 82540EM Gigabit Ethern...r (PRO/1000 MT Desktop Adapter).
[[0;32m  OK  [0m] Started Update UTMP about System Boot/Shutdown.
[[0;32m  OK  [0m] Found device 82540EM Gigabit Ethern...r (PRO/1000 MT Desktop Adapter).
[[0;32m  OK  [0m] Listening on Load/Save RF Kill Switch Status /dev/rfkill Watch.
[[0;32m  OK  [0m] Started LSB: AppArmor initialization.
[   34.778850] cloud-init[488]: Cloud-init v. 18.2 running 'init-local' at Sun, 10 Jun 2018 14:46:18 +0000. Up 33.89 seconds.
[[0;32m  OK  [0m] Started Initial cloud-init job (pre-networking).
[[0;32m  OK  [0m] Reached target Network (Pre).
[[0;32m  OK  [0m] Started ifup for enp0s3.
[[0;32m  OK  [0m] Started ifup for enp0s8.
         Starting Raise network interfaces...
[[0;32m  OK  [0m] Started Raise network interfaces.
[[0;32m  OK  [0m] Reached target Network.
         Starting Initial cloud-init job (metadata service crawler)...
[   36.513411] cloud-init[1091]: Cloud-init v. 18.2 running 'init' at Sun, 10 Jun 2018 14:46:20 +0000. Up 35.71 seconds.
[   36.547855] cloud-init[1091]: ci-info: ++++++++++++++++++++++++++++++++++++++Net device info++++++++++++++++++++++++++++++++++++++
[[0;32m  OK  [0m] Started Initial cloud-init job (metadata service crawler).
[   36.636541] cloud-init[1091]: ci-info: +--------+------+-----------------------------+---------------+-------+-------------------+
[   36.817438] cloud-init[1091]: ci-info: | Device |  Up  |           Address           |      Mask     | Scope |     Hw-Address    |
[   36.819644] cloud-init[1091]: ci-info: +--------+------+-----------------------------+---------------+-------+-------------------+
[[0;32m  OK  [0m] Reached target Cloud-config availability.
[   36.820192] cloud-init[1091]: ci-info: | enp0s3 | True |          10.0.2.15          | 255.255.255.0 |   .   | 02:e4:ac:f5:39:a9 |
[   37.126304] cloud-init[1091]: ci-info: | enp0s3 | True |  fe80::e4:acff:fef5:39a9/64 |       .       |  link | 02:e4:ac:f5:39:a9 |
[[0;32m  OK  [0m] Reached target Network is Online.
[   37.126702] cloud-init[1091]: ci-info: | enp0s8 | True |        192.168.33.10        | 255.255.255.0 |   .   | 08:00:27:1e:98:f2 |
[   37.513250] cloud-init[1091]: ci-info: | enp0s8 | True | fe80::a00:27ff:fe1e:98f2/64 |       .       |  link | 08:00:27:1e:98:f2 |
[   37.514402] cloud-init[1091]: ci-info: |   lo   | True |          127.0.0.1          |   255.0.0.0   |   .   |         .         |
         Starting iSCSI initiator daemon (iscsid)...
[   37.515386] cloud-init[1091]: ci-info: |   lo   | True |           ::1/128           |       .       |  host |         .         |
[   37.687580] cloud-init[1091]: ci-info: +--------+------+-----------------------------+---------------+-------+-------------------+
[[0;32m  OK  [0m] Reached target System Initialization.
[   37.687773] cloud-init[1091]: ci-info: ++++++++++++++++++++++++++++Route IPv4 info++++++++++++++++++++++++++++
[   38.034494] cloud-init[1091]: ci-info: +-------+--------------+----------+---------------+-----------+-------+
[   38.035315] cloud-init[1091]: ci-info: | Route | Destination  | Gateway  |    Genmask    | Interface | Flags |
[[0;32m  OK  [0m] Started ACPI Events Check.
[[   38.035691] cloud-init[1091]: ci-info: +-------+--------------+----------+---------------+-----------+-------+
[   38.441783] cloud-init[1091]: ci-info: |   0   |   0.0.0.0    | 10.0.2.2 |    0.0.0.0    |   enp0s3  |   UG  |
[0;32m  OK  [0m] Reached target Paths.
[   38.441964] cloud-init[1091]: ci-info: |   1   |   10.0.2.0   | 0.0.0.0  | 255.255.255.0 |   enp0s3  |   U   |
[   38.532361] cloud-init[1091]: ci-info: |   2   | 192.168.33.0 | 0.0.0.0  | 255.255.255.0 |   enp0s8  |   U   |
[   38.532641] cloud-init[1091]: ci-info: +-------+--------------+----------+---------------+-----------+-------+
         Starting LXD - unix socket.
[[0;32m  OK  [0m] Started Daily Cleanup of Temporary Directories.
[[0;32m  OK  [0m] Listening on D-Bus System Message Bus Socket.
[[0;32m  OK  [0m] Started Daily apt download activities.
[[0;32m  OK  [0m] Listening on UUID daemon activation socket.
         Starting Socket activation for snappy daemon.
[[0;32m  OK  [0m] Listening on ACPID Listen Socket.
[[0;32m  OK  [0m] Started Daily apt upgrade and clean activities.
[[0;32m  OK  [0m] Reached target Timers.
[[0;32m  OK  [0m] Listening on LXD - unix socket.
[[0;32m  OK  [0m] Listening on Socket activation for snappy daemon.
[[0;32m  OK  [0m] Started iSCSI initiator daemon (iscsid).
         Starting Login to default iSCSI targets...
[[0;32m  OK  [0m] Reached target Sockets.
[[0;32m  OK  [0m] Reached target Basic System.
[[0;32m  OK  [0m] Started FUSE filesystem for LXC.
         Starting LSB: Record successful boot for GRUB...
[[0;32m  OK  [0m] Started ACPI event daemon.
         Starting Apply the settings specified in cloud-config...
[[0;32m  OK  [0m] Started D-Bus System Message Bus.
         Starting LSB: MD monitoring daemon...
         Starting System Logging Service...
         Starting /etc/rc.local Compatibility...
[[0;32m  OK  [0m] Started Regular background program processing daemon.
[[0;32m  OK  [0m] Started Unattended Upgrades Shutdown.
         Starting Virtualbox guest utils...
[[0;32m  OK  [0m] Started Deferred execution scheduler.
         Starting Login Service...
         Starting OpenBSD Secure Shell server...
         Starting Accounts Service...
         Starting Snappy daemon...
         Starting LXD - container startup/shutdown...
[[0;32m  OK  [0m] Started /etc/rc.local Compatibility.
[[0;32m  OK  [0m[   39.725607] cloud-init[1156]: Cloud-init v. 18.2 running 'modules:config' at Sun, 10 Jun 2018 14:46:24 +0000. Up 39.38 seconds.
] Started Login Service.
[[0;32m  OK  [0m] Started Apply the settings specified in cloud-config.
[[0;32m  OK  [0m] Started System Logging Service.
[[0;32m  OK  [0m] Started Login to default iSCSI targets.
[[0;32m  OK  [0m] Reached target Remote File Systems (Pre).
[[0;32m  OK  [0m] Reached target Remote File Systems.
         Starting LSB: daemon to balance interrupts for SMP systems...
         Starting LSB: Set the CPU Frequency Scaling governor to "ondemand"...
         Starting Permit User Sessions...
         Starting LSB: automatic crash report generation...
[[0;32m  OK  [0m] Started LSB: Record successful boot for GRUB.
[[0;32m  OK  [0m] Started LSB: MD monitoring daemon.
[[0;32m  OK  [0m] Started Permit User Sessions.
         Starting Hold until boot process finishes up...
         Starting Terminate Plymouth Boot Screen...
[[0;32m  OK  [0m] Started LSB: Set the CPU Frequency Scaling governor to "ondemand".
[[0;32m  OK  [0m] Started Hold until boot process finishes up.
[[0;32m  OK  [0m] Started Terminate Plymouth Boot Screen.
[[0;32m  OK  [0m] Started Serial Getty on ttyS0.
[[0;32m  OK  [0m] Started Getty on tty1.
[[0;32m  OK  [0m] Reached target Login Prompts.
         Starting Set console scheme...
[[0;32m  OK  [0m] Started LSB: automatic crash report generation.
[[0;32m  OK  [0m] Started Set console scheme.
[[0;32m  OK  [0m] Started LSB: daemon to balance interrupts for SMP systems.
[[0;32m  OK  [0m] Started Virtualbox guest utils.
         Starting Authenticate and Authorize Users to Run Privileged Tasks...
[[0;32m  OK  [0m] Started Authenticate and Authorize Users to Run Privileged Tasks.
[[0;32m  OK  [0m] Started Accounts Service.
[[0;32m  OK  [0m] Started OpenBSD Secure Shell server.
[[0;32m  OK  [0m] Created slice User Slice of vagrant.
         Starting User Manager for UID 1000...
[[0;32m  OK  [0m] Started Session 1 of user vagrant.
[[0;32m  OK  [0m] Started User Manager for UID 1000.
[[0;32m  OK  [0m] Started Snappy daemon.
         Starting Wait until snapd is fully seeded...
[[0;32m  OK  [0m] Started LXD - container startup/shutdown.
[[0;32m  OK  [0m] Started Wait until snapd is fully seeded.
[[0;32m  OK  [0m] Reached target Multi-User System.
[[0;32m  OK  [0m] Reached target Graphical Interface.
         Starting Update UTMP about System Runlevel Changes...
         Starting Execute cloud user/final scripts...
[[0;32m  OK  [0m] Started Update UTMP about System Runlevel Changes.
[   45.361626] cloud-init[1352]: Cloud-init v. 18.2 running 'modules:final' at Sun, 10 Jun 2018 14:46:29 +0000. Up 45.08 seconds.
[   45.472309] [1352]: Cloud-init v. 18.2 finished at Sun, 10 Jun 2018 14:46:29 +0000. Datasource DataSourceNoCloud [seed=/dev/sdb][dsmode=net].  Up 45.35 seconds

Ubuntu 16.04.4 LTS ubuntu-xenial ttyS0

ubuntu-xenial login: [  707.351368] e1000 0000:00:03.0 enp0s3: Detected Tx Unit Hang
[  707.351368]   Tx Queue             <0>
[  707.351368]   TDH                  <cf>
[  707.351368]   TDT                  <d1>
[  707.351368]   next_to_use          <d1>
[  707.351368]   next_to_clean        <cf>
[  707.351368] buffer_info[next_to_clean]
[  707.351368]   time_stamp           <100018212>
[  707.351368]   next_to_watch        <d0>
[  707.351368]   jiffies              <1000183a4>
[  707.351368]   next_to_watch.status <0>
[  709.354601] e1000 0000:00:03.0 enp0s3: Detected Tx Unit Hang
[  709.354601]   Tx Queue             <0>
[  709.354601]   TDH                  <cf>
[  709.354601]   TDT                  <d1>
[  709.354601]   next_to_use          <d1>
[  709.354601]   next_to_clean        <cf>
[  709.354601] buffer_info[next_to_clean]
[  709.354601]   time_stamp           <100018212>
[  709.354601]   next_to_watch        <d0>
[  709.354601]   jiffies              <100018599>
[  709.354601]   next_to_watch.status <0>
[  711.241573] e1000 0000:00:03.0 enp0s3: Reset adapter
[  711.417396] e1000 0000:00:03.0 enp0s3: Detected Tx Unit Hang
[  711.417396]   Tx Queue             <0>
[  711.417396]   TDH                  <cf>
[  711.417396]   TDT                  <d1>
[  711.417396]   next_to_use          <d1>
[  711.417396]   next_to_clean        <cf>
[  711.417396] buffer_info[next_to_clean]
[  711.417396]   time_stamp           <100018212>
[  711.417396]   next_to_watch        <d0>
[  711.417396]   jiffies              <10001879d>
[  711.417396]   next_to_watch.status <0>
[  711.468336] e1000 0000:00:03.0 enp0s3: Reset adapter
[  713.594433] e1000 0000:00:03.0 enp0s3: Detected Tx Unit Hang
[  713.594433]   Tx Queue             <0>
[  713.594433]   TDH                  <0>
[  713.594433]   TDT                  <1>
[  713.594433]   next_to_use          <1>
[  713.594433]   next_to_clean        <0>
[  713.594433] buffer_info[next_to_clean]
[  713.594433]   time_stamp           <100018820>
[  713.594433]   next_to_watch        <0>
[  713.594433]   jiffies              <1000189bd>
[  713.594433]   next_to_watch.status <0>
[  716.247268] e1000 0000:00:03.0 enp0s3: Detected Tx Unit Hang
[  716.247268]   Tx Queue             <0>
[  716.247268]   TDH                  <0>
[  716.247268]   TDT                  <1>
[  716.247268]   next_to_use          <1>
[  716.247268]   next_to_clean        <0>
[  716.247268] buffer_info[next_to_clean]
[  716.247268]   time_stamp           <100018820>
[  716.247268]   next_to_watch        <0>
[  716.247268]   jiffies              <100018c55>
[  716.247268]   next_to_watch.status <0>
[  718.838111] e1000 0000:00:03.0 enp0s3: Detected Tx Unit Hang
[  718.838111]   Tx Queue             <0>
[  718.838111]   TDH                  <0>
[  718.838111]   TDT                  <1>
[  718.838111]   next_to_use          <1>
[  718.838111]   next_to_clean        <0>
[  718.838111] buffer_info[next_to_clean]
[  718.838111]   time_stamp           <100018820>
[  718.838111]   next_to_watch        <0>
[  718.838111]   jiffies              <100018edd>
[  718.838111]   next_to_watch.status <0>
[  719.395569] e1000 0000:00:03.0 enp0s3: Reset adapter
